<html>
<body>
<pre>
<h1>礦ision Build Log</h1>
<h2>Tool Versions:</h2>
IDE-Version: μVision V5.36.0.0
Copyright (C) 2021 ARM Ltd and ARM Germany GmbH. All rights reserved.
License Information: 111 AAA, 111, LIC=8VRJ7-E7T5U-X7GRZ-J5QUQ-YQS67-DJ0R7
 
Tool Versions:
Toolchain:       MDK-ARM Plus  Version: 5.36.0.0
Toolchain Path:  D:\KEIL5\keil5.1\ARM\ARMCC\Bin
C Compiler:      Armcc.exe V5.06 update 7 (build 960)
Assembler:       Armasm.exe V5.06 update 7 (build 960)
Linker/Locator:  ArmLink.exe V5.06 update 7 (build 960)
Library Manager: ArmAr.exe V5.06 update 7 (build 960)
Hex Converter:   FromElf.exe V5.06 update 7 (build 960)
CPU DLL:         SARMCM3.DLL V5.36.0.0
Dialog DLL:      DARMSTM.DLL V1.68.0.0
Target DLL:      STLink\ST-LINKIII-KEIL_SWO.dll V3.0.9.0
Dialog DLL:      DARMSTM.DLL V1.68.0.0
 
<h2>Project:</h2>
G:\DIY\Mjb_balance_car\Project.uvprojx
Project File Date:  11/08/2023

<h2>Output:</h2>
*** Using Compiler 'V5.06 update 7 (build 960)', folder: 'D:\KEIL5\keil5.1\ARM\ARMCC\Bin'
Rebuild target 'Target 1'
assembling startup_stm32f10x_md.s...
compiling core_cm3.c...
compiling stm32f10x_cec.c...
compiling misc.c...
compiling stm32f10x_bkp.c...
compiling stm32f10x_adc.c...
compiling stm32f10x_can.c...
compiling system_stm32f10x.c...
compiling stm32f10x_crc.c...
compiling stm32f10x_dac.c...
compiling stm32f10x_dbgmcu.c...
compiling stm32f10x_iwdg.c...
compiling stm32f10x_exti.c...
compiling stm32f10x_i2c.c...
compiling stm32f10x_gpio.c...
compiling stm32f10x_flash.c...
compiling stm32f10x_dma.c...
compiling stm32f10x_fsmc.c...
compiling stm32f10x_pwr.c...
compiling stm32f10x_rtc.c...
compiling stm32f10x_wwdg.c...
compiling stm32f10x_rcc.c...
compiling stm32f10x_sdio.c...
compiling stm32f10x_spi.c...
compiling stm32f10x_usart.c...
compiling stm32f10x_tim.c...
compiling Delay.c...
compiling UltrasonicCtrol.c...
compiling ReadDis.c...
compiling Servo.c...
compiling RedSensor.c...
compiling sys.c...
compiling OLED.c...
compiling HW3Avoidance.c...
compiling PWM.c...
compiling Motor.c...
compiling Key.c...
compiling Uart.c...
compiling Exti.c...
compiling AD.c...
compiling Encoder.c...
compiling mpu6050.c...
compiling mpuiic.c...
Hardware\MPU6050\mpuiic.c(48): warning:  #61-D: integer operation result is out of range
  	MPU_SDA_IN();      //SDA设置为输入  
Hardware\MPU6050\mpuiic.c(48): warning:  #68-D: integer conversion resulted in a change of sign
  	MPU_SDA_IN();      //SDA设置为输入  
Hardware\MPU6050\mpuiic.c(108): warning:  #61-D: integer operation result is out of range
  	MPU_SDA_IN();//SDA设置为输入
Hardware\MPU6050\mpuiic.c(108): warning:  #68-D: integer conversion resulted in a change of sign
  	MPU_SDA_IN();//SDA设置为输入
Hardware\MPU6050\mpuiic.c: 4 warnings, 0 errors
compiling inv_mpu.c...
compiling MyDMA.c...
compiling MyI2C.c...
compiling MPU6050_Soft.c...
compiling control.c...
compiling stm32f10x_it.c...
compiling main.c...
compiling inv_mpu_dmp_motion_driver.c...
linking...
Program Size: Code=29746 RO-data=5834 RW-data=196 ZI-data=1964  
FromELF: creating hex file...
".\Objects\Project.axf" - 0 Error(s), 4 Warning(s).

<h2>Software Packages used:</h2>

Package Vendor: Keil
                http://www.keil.com/pack/Keil.STM32F1xx_DFP.2.2.0.pack
                Keil.STM32F1xx_DFP.2.2.0
                STMicroelectronics STM32F1 Series Device Support, Drivers and Examples

<h2>Collection of Component include folders:</h2>
  D:\KEIL5\keil5.1\Keil\STM32F1xx_DFP\2.2.0\Device\Include

<h2>Collection of Component Files used:</h2>
Build Time Elapsed:  00:00:10
</pre>
</body>
</html>
